--------------------------------User: O781E451 --------------------------------
2017 August 10, Thursday, 16:18:39
SID: 51
>flp:j/y87565/9aug/12sep/szxcgo
                                                                                
    Y87565  FROM 09AUG17 TO 12SEP17                                             
09AUG/3 738  SZX CGO  R        C8/Y155//C0/D0/I0/J0/Y3/B0/H0/K0/L0/M3/Q19/X74/  
                         91 %           U50/E0/N0/T0/V0/R0/W0/P0/G0/O0/S0//     
10AUG/4 738  SZX CGO  R        C8/Y155//C0/D0/I0/J0/Y3/B0/H0/K0/L13/M5/Q19/X45/ 
                         93 %           U62/E0/N0/T0/V0/R0/W0/P0/G0/O0/S5//     
11AUG/5 738  SZX CGO  R        C8/Y155//C0/D0/I1/J0/Y10/B0/H0/K0/L0/M0/Q28/X41/ 
                         82 %           U48/E0/N0/T0/V0/R0/W0/P0/G0/O2/S4//     
12AUG/6 738  SZX CGO  R        C8/Y155//C0/D0/I0/J0/Y6/B0/H0/K0/L0/M0/Q1/X85/   
                         57 %           U0/E0/N0/T0/V0/R0/W0/P0/G0/O0/S2//      
13AUG/7 738  SZX CGO  R        C8/Y155//C0/D0/I0/J0/Y8/B0/H0/K0/L0/M0/Q0/X37/   
                         47 %           U30/E0/N0/T0/V0/R1/W0/P0/G0/O0/S1//     
14AUG/1 738  SZX CGO  R        C8/Y155//C0/D0/I0/J0/Y3/B0/H0/K0/L0/M0/Q2/X21/   
                         33 %           U29/E0/N0/T0/V0/R0/W0/P0/G0/O0/S0//     
15AUG/2 738  SZX CGO  R        C8/Y155//C0/D0/I1/J0/Y1/B0/H0/K0/L0/M0/Q1/X8/    
                         26 %           U32/E0/N0/T0/V0/R0/W0/P0/G0/O0/S0//     
16AUG/3 738  SZX CGO  R        C8/Y155//C0/D0/I0/J0/Y1/B0/H0/K0/L0/M0/Q1/X17/   
                         28 %           U28/E0/N0/T0/V0/R0/W0/P0/G0/O0/S0//     
17AUG/4 738  SZX CGO  R        C8/Y155//C0/D0/I0/J0/Y2/B0/H0/K0/L0/M0/Q0/X5/    
                         20 %           U25/E0/N0/T0/V0/R0/W0/P0/G0/O0/S1//     
18AUG/5 738  SZX CGO  R        C8/Y155//C0/D0/I0/J0/Y2/B0/H0/K0/L0/M0/Q0/X23/   
                         15 %           U0/E0/N0/T0/V0/R0/W0/P0/G0/O0/S0//      
19AUG/6 738  SZX CGO  R        C8/Y155//C0/D0/I0/J0/Y1/B0/H0/K0/L0/M0/Q3/X28/   
                         19 %           U0/E0/N0/T0/V0/R0/W0/P0/G0/O0/S0//     +
                                                                                

2017 August 10, Thursday, 16:18:40
SID: 51
>pn
                                                                                
    Y87565  FROM 09AUG17 TO 12SEP17                                            -
20AUG/7 738  SZX CGO  R        C8/Y155//C0/D0/I0/J0/Y2/B0/H0/K0/L0/M0/Q1/X10/   
                         22 %           U24/E0/N0/T0/V0/R0/W0/P0/G0/O0/S0//     
21AUG/1 738  SZX CGO  R        C8/Y155//C0/D0/I0/J0/Y4/B0/H0/K0/L0/M0/Q0/X4/    
                         21 %           U27/E0/N0/T0/V0/R0/W0/P0/G0/O0/S0//     
22AUG/2 738  SZX CGO  R        C8/Y155//C0/D0/I0/J0/Y0/B0/H0/K0/L0/M0/Q0/X0/    
                         14 %           U23/E0/N0/T0/V0/R0/W0/P0/G0/O0/S0//     
23AUG/3 738  SZX CGO  R        Y176//Y2/B0/H0/K0/L0/M0/Q0/X0/U29/E0/N0/T0/V0/   
                         17 %        R0/W0/P0/G0/O0/S0//                        
24AUG/4 738  SZX CGO  R        Y176//Y0/B0/H0/K0/L0/M0/Q0/X0/U20/E0/N0/T0/V0/   
                         11 %        R0/W0/P0/G0/O0/S0//                        
25AUG/5 738  SZX CGO  R        Y176//Y2/B0/H0/K0/L0/M0/Q0/X1/U0/E33/N0/T0/V0/   
                         20 %        R0/W0/P0/G0/O0/S0//                        
26AUG/6 738  SZX CGO  R        Y176//Y2/B0/H0/K0/L0/M0/Q0/X0/U3/E43/N0/T0/V0/   
                         27 %        R0/W0/P0/G0/O0/S0//                        
27AUG/7 738  SZX CGO  R        Y176//Y0/B0/H0/K0/L0/M0/Q0/X0/U10/E23/N9/T0/V0/  
                         23 %        R0/W0/P0/G0/O0/S0//                        
28AUG/1 738  SZX CGO  R        Y176//Y2/B0/H0/K0/L0/M0/Q0/X0/U3/E21/N10/T0/V0/  
                         20 %        R0/W0/P0/G0/O0/S0//                        
29AUG/2 738  SZX CGO  R        Y176//Y0/B0/H0/K0/L0/M0/Q0/X0/U1/E10/N10/T0/V0/  
                         11 %        R0/W0/P0/G0/O0/S0//                        
30AUG/3 738  SZX CGO  R        Y176//Y0/B0/H0/K0/L0/M0/Q0/X0/U0/E13/N7/T0/V0/   
                         11 %        R0/W0/P0/G0/O0/S0//                       +
                                                                                

2017 August 10, Thursday, 16:18:41
SID: 51
>pn
                                                                                
    Y87565  FROM 09AUG17 TO 12SEP17                                            -
31AUG/4 738  SZX CGO  R        Y176//Y0/B0/H0/K0/L0/M0/Q0/X0/U0/E21/N6/T0/V0/   
                         15 %        R0/W0/P0/G0/O0/S0//                        
01SEP/5 738  SZX CGO  R        Y176//Y0/B0/H0/K0/L0/M0/Q0/X0/U8/E0/N9/T0/V0/R0/ 
                          9 %        W0/P0/G0/O0/S0//                           
02SEP/6 738  SZX CGO  R        Y176//Y0/B0/H0/K0/L0/M0/Q0/X1/U0/E23/N7/T0/V0/   
                         17 %        R0/W0/P0/G0/O0/S0//                        
03SEP/7 738  SZX CGO  R        Y176//Y0/B0/H0/K0/L0/M0/Q0/X0/U0/E12/N5/T0/V0/   
                          9 %        R0/W0/P0/G0/O0/S0//                        
04SEP/1 738  SZX CGO  R        Y176//Y0/B0/H0/K0/L0/M0/Q0/X0/U0/E3/N0/T0/V0/R0/ 
                          1 %        W0/P0/G0/O0/S0//                           
05SEP/2 738  SZX CGO  R        Y176//Y0/B0/H0/K0/L0/M0/Q0/X0/U0/E5/N1/T0/V0/R0/ 
                          3 %        W0/P0/G0/O0/S0//                           
06SEP/3 738  SZX CGO  R        Y176//Y0/B0/H0/K0/L0/M0/Q0/X0/U0/E3/N0/T0/V0/R0/ 
                          1 %        W0/P0/G0/O0/S0//                           
07SEP/4 738  SZX CGO  R        Y176//Y0/B0/H0/K0/L0/M0/Q0/X0/U0/E5/N0/T0/V0/R0/ 
                          2 %        W0/P0/G0/O0/S0//                           
08SEP/5 738  SZX CGO  R        Y176//Y0/B0/H0/K0/L0/M0/Q0/X0/U0/E0/N1/T0/V0/R0/ 
                          0 %        W0/P0/G0/O0/S0//                           
09SEP/6 738  SZX CGO  R        Y176//Y0/B0/H0/K0/L0/M0/Q0/X0/U8/E0/N3/T0/V0/R0/ 
                          6 %        W0/P0/G0/O0/S0//                           
10SEP/7 738  SZX CGO  R        Y176//Y0/B0/H0/K0/L0/M0/Q0/X0/U0/E5/N0/T0/V0/R0/ 
                          2 %        W0/P0/G0/O0/S0//                          +
                                                                                

2017 August 10, Thursday, 16:18:42
SID: 51
>pn
    Y87565  FROM 09AUG17 TO 12SEP17                                            -
11SEP/1 738  SZX CGO  R        Y176//Y0/B0/H0/K0/L0/M0/Q0/X0/U0/E5/N0/T0/V0/R0/ 
                          2 %        W0/P0/G0/O0/S0//                           
12SEP/2 738  SZX CGO  R        Y176//Y0/B0/H0/K0/L0/M0/Q0/X0/U0/E3/N2/T0/V0/R0/ 
                          2 %        W0/P0/G0/O0/S0//                           
                                                                                
FLIGHT  TOTAL = 35                                                              
        BOOKED  TOTAL   =  1326 (I2 Y54 L13 M8 Q75 X400 U460 E228 N70 R1        
                                 O2 S13  )                                      
        SEATS   TOTAL   =  5978 (C112 Y5866  )                                  
        USE   PERCENT   =  22 % (C1% Y22% )                                     
                                                                                
                                                                                

